<?xml version="1.0" encoding="UTF-8"?>
<dataset>
	<Acquisto Username='Fry' CodiceMateriale='47' DataAcquisto='2022-01-31'/>
	<Acquisto Username='sime00' CodiceMateriale='52' DataAcquisto='2022-02-03'/>
	<Acquisto Username='pipp8' CodiceMateriale='48' DataAcquisto='2022-01-31'/>
	<Acquisto Username='Fry' CodiceMateriale='49' DataAcquisto='2022-01-30'/>
	<Acquisto Username='sime00' CodiceMateriale='50' DataAcquisto='2022-02-06'/>
</dataset>