<?xml version="1.0" encoding="UTF-8"?>
<dataset>
	<Amicizia Username1="sime00" Username2="califano87" DataInizio="2021-09-10" />
	<Amicizia Username1="sime00" Username2="fry" DataInizio="2021-09-15" />
	<Amicizia Username1="fry" Username2="califano87" DataInizio="2022-01-01" />
	<Amicizia Username1="pipp8" Username2="fry" DataInizio="2021-09-05" />
</dataset>