<?xml version="1.0" encoding="UTF-8"?>
<dataset>
	<Contenuto CodiceNews="24" IdFile="2"/>
	<Contenuto CodiceNews="24" IdFile="4"/>
	<Contenuto CodiceNews="41" IdFile="5"/>
	<Contenuto CodiceNews="41" IdFile="6"/>
</dataset>