<?xml version="1.0" encoding="UTF-8"?>
<dataset>
	<Feedback CodiceMateriale="1" Username="califano87" DataFeed="2021-01-20 01:52:41" Commento="Davvero ottimi appunti" Valutazione="4"/>
	<Feedback CodiceMateriale="2" Username="fry" DataFeed="2021-09-24 16:18:55" Commento="Grazie a queste esercitazioni mi sono appassionato alla materia" Valutazione="5"/>
	<Feedback CodiceMateriale="3" Username="sime00" DataFeed="2021-09-14 23:38:06" Commento="Appunti molto utili" Valutazione="5"/>
	<Feedback CodiceMateriale="1" Username="fry" DataFeed="2021-11-20 01:52:41" Commento="truffatore" Valutazione="0"/>
	<Feedback CodiceMateriale="6" Username="fry" DataFeed="2021-01-20 01:52:45" Commento="Mi sono trovato bene con questi appunti" Valutazione="4"/>
</dataset>