<?xml version="1.0" encoding="UTF-8"?>
<dataset>

 <Materiale codiceMateriale="3" DataCaricamento="2021-08-26" Keywords="" Costo="15" Descrizione= "lezione 16" Hidden="0" CodiceCorso="4" Username="alfonso00" Anteprima="'ciao'" idFile="1" />
<Materiale codiceMateriale="4" DataCaricamento="2021-01-03" Keywords="" Costo="20" Descrizione= "provaInf" Hidden="0" CodiceCorso="1" Username="alfonso00" Anteprima="'ciao'" idFile="2" />
<Materiale codiceMateriale="5" DataCaricamento="2020-08-02" Keywords="" Costo="0" Descrizione= "provaAde" Hidden="1" CodiceCorso="1" Username="sime00" Anteprima="'ciao'" idFile="3" />





</dataset>