<?xml version="1.0" encoding="UTF-8"?>
<dataset>

 <Materiale codiceMateriale="3" DataCaricamento="2021-08-26" Keywords="" Costo="15" Descrizione= "lezione 16" Hidden="0" CodiceCorso="4" Username="alfonso00" Anteprima="'ciao'" idFile="1" />
<Materiale codiceMateriale="4" DataCaricamento="2021-01-03" Keywords="" Costo="20" Descrizione= "provaInf" Hidden="0" CodiceCorso="1" Username="alfonso00" Anteprima="'ciao'" idFile="2" />
<Materiale codiceMateriale="5" DataCaricamento="2020-08-02" Keywords="" Costo="0" Descrizione= "provaAde" Hidden="1" CodiceCorso="1" Username="sime00" Anteprima="'ciao'" idFile="3" ></Materiale>
<Materiale codiceMateriale="6" DataCaricamento="2021-04-26" Keywords="" Costo="50" Descrizione= "provaSO" Hidden="0" CodiceCorso="2" Username="sime00" Anteprima="'ciao'" idFile="4" ></Materiale>
<Materiale codiceMateriale="1" DataCaricamento="2021-03-20" Keywords="" Costo="0" Hidden="1" CodiceCorso="3" Username="fry" Anteprima="'ciao'" idFile="2" Descrizione="AppuntiMMI"></Materiale>


    <Corso CodiceCorso="6" Nome="cddc"/>
    <Corso CodiceCorso="3" Nome="programmazione1"/>
    <Corso CodiceCorso="4" Nome="architettura degli elaboratori"/>
    <Corso CodiceCorso="5" Nome="progettazione di algoritmi"/>
    


</dataset>