<?xml version="1.0" encoding="UTF-8"?>
<dataset>
	<Segnalazione CodiceSegnalazione="3" Stato="0" Motivo="materiale non corrisponde a preview" Username="sime00"/>
</dataset>