<?xml version="1.0" encoding="UTF-8"?>
<dataset>
	<Utente Username="sime00" Nome="Simone" Cognome="Della Porta" Email="sime@gmail.com" Pass="Sime1" DataNascita="2000-10-27" Coin="1200" Ban="2022-03-01" Denominazione="Universita degli studi di Salerno" dipName="Dipartimento di Informatica" Ruolo="0" Img="'Img'" />
	<Utente Username="fry" Nome="Francesco" Cognome="Di Lauro" Email="fry@gmail.com" Pass="Fry1" DataNascita="2000-05-18" Coin="1100" Ban="2022-01-27" Denominazione="Universita degli studi di Salerno" dipName="Dipartimento di Informatica" Ruolo="0" Img="'Img'" />
	<Utente Username="califano87" Nome="Alfonso" Cognome="Califano" Email="califano87@gmail.com" Pass="Califano87" DataNascita="2000-05-17" Coin="900" Ban="2022-02-06" Denominazione="Universita degli studi di Salerno" dipName="Dipartimento di Informatica" Ruolo="0" Img="'Img'"/> 
	<Utente Username="sim" Nome="Simone" Cognome="Rossi" Email="sim@gmail.com" Pass="Sim1" DataNascita="2000-08-27" Coin="200" Ban="2022-01-25" Denominazione="Universita degli studi di Salerno" dipName="Dipartimento di Informatica" Ruolo="0" Img="'Img'"/>
</dataset>