<?xml version="1.0" encoding="UTF-8"?>
<dataset>
    <Interesse Username="sime00" CodiceCorso="46" DataInserimento="2023-10-13"/>
    <Interesse Username="sime00" CodiceCorso="11" DataInserimento="2023-10-13"/>
    <Interesse Username="fry" CodiceCorso="20" DataInserimento="2023-10-13"/>
    <Interesse Username="fry" CodiceCorso="26" DataInserimento="2023-10-13"/>
</dataset>