<?xml version="1.0" encoding="UTF-8"?>
<dataset>

    <Materiale codiceMateriale="3" DataCaricamento="2021-08-26" Keywords="" Costo="15" Descrizione= "lezione 16" Hidden="false" CodiceCorso="4" Username="alfonso00" nomeFile="appuntiADE.pdf" />
    <Materiale codiceMateriale="4" DataCaricamento="2021-01-03" Keywords="" Costo="20" Descrizione= "provaInf" Hidden="false" CodiceCorso="1" Username="alfonso00" nomeFile="provaProg.pdf" />
    <Materiale codiceMateriale="5" DataCaricamento="2020-08-02" Keywords="" Costo="0" Descrizione= "provaAde" Hidden="true" CodiceCorso="1" Username="sime00" nomeFile="provaADE.pdf" />
    <Materiale codiceMateriale="6" DataCaricamento="2021-04-26" Keywords="" Costo="50" Descrizione= "provaSO" Hidden="false" CodiceCorso="2" Username="sime00" nomeFile="provaSO.pdf" />
    <Materiale codiceMateriale="1" DataCaricamento="2021-03-20" Keywords="" Costo="0" Descrizione="AppuntiMMI" Hidden="true" CodiceCorso="3" Username="fry" nomeFile="appuntiMMI.pdf" />


    <Corso CodiceCorso="6" Nome="cddc"/>
    <Corso CodiceCorso="3" Nome="programmazione1"/>
    <Corso CodiceCorso="4" Nome="architettura degli elaboratori"/>
    <Corso CodiceCorso="5" Nome="progettazione di algoritmi"/>
    


</dataset>