<?xml version="1.0" encoding="UTF-8"?>
<dataset>
    <Utente Username="sime00" Nome="Simone" Cognome="Della Porta" Email="sime@gmail.com" Pass="Sime1" DataNascita="2000-10-27" Coin="1200" Ban="2022-03-01" Denominazione="Universita degli studi di Salerno" dipName="Dipartimento di Informatica" Ruolo="0" Img="'Img'" Verificato="false"/>
    <Utente Username="fry" Nome="Francesco" Cognome="Di Lauro" Email="fry@gmail.com" Pass="Fry1" DataNascita="2000-05-18" Coin="1100" Ban="2022-01-27" Denominazione="Universita degli studi di Salerno" dipName="Dipartimento di Informatica" Ruolo="0" Img="'Img'" Verificato="true"/>
    <Utente Username="califano87" Nome="Alfonso" Cognome="Califano" Email="califano87@gmail.com" Pass="Califano87" DataNascita="2000-05-17" Coin="900" Ban="2022-02-06" Denominazione="Universita degli studi di Salerno" dipName="Dipartimento di Informatica" Ruolo="0" Img="'Img'" Verificato="false"/>
    <Utente Username="sim" Nome="Simone" Cognome="Rossi" Email="sim@gmail.com" Pass="Sim1" DataNascita="2000-08-27" Coin="200" Ban="2022-01-25" Denominazione="Universita degli studi di Salerno" dipName="Dipartimento di Informatica" Ruolo="0" Img="'Img'" Verificato="true"/>

    <Materiale CodiceMateriale="1" DataCaricamento="2021-10-11" Costo="10" Descrizione="Programmazione 1" Keywords="" Hidden="false" CodiceCorso="1" Username="sime00" IdFile="20" />
    <Materiale CodiceMateriale="2" DataCaricamento="2021-12-12" Costo="20" Descrizione="Analisi" Keywords="" Hidden="false" CodiceCorso="2" Username="fry" IdFile="15" />
    <Materiale CodiceMateriale="3" DataCaricamento="2022-01-15" Costo="30" Descrizione="Programmazione e strutture dati" Keywords="" Hidden="false" CodiceCorso="3" Username="califano87" IdFile="55" />


    <Feedback CodiceMateriale="1" Username="pipp8" DataFeed="2022-01-10" Commento="ottimi appunti" Valutazione="5"/>
    <Feedback CodiceMateriale="1" Username="fry" DataFeed="2022-01-20" Commento="appunti non del tutto completi" Valutazione="5"/>
    <Feedback CodiceMateriale="2" Username="sime00" DataFeed="2022-02-01" Commento="ottimi appunti" Valutazione="5"/>

</dataset>
